// Vitest Snapshot v1, https://vitest.dev/guide/snapshot.html

exports[`EarthquakeSeismicWavesPanel > renders correctly and matches snapshot 1`] = `
<div>
  <div
    class="custom-panel-class border-fuchsia-500"
  >
    <h2
      class="custom-title-class text-fuchsia-800 border-fuchsia-200"
    >
      Understanding Seismic Waves
    </h2>
    <div
      class="grid md:grid-cols-2 gap-4 mt-2"
    >
      <div
        class="text-center p-2 bg-blue-50 rounded-md flex flex-col"
      >
        <strong>
          P-Waves (Primary)
        </strong>
        <svg
          class="mx-auto mt-1 w-full h-auto max-w-xs"
          viewBox="0 0 250 150"
        >
          <defs>
            <marker
              id="arrowhead"
              markerHeight="7"
              markerWidth="10"
              orient="auto"
              refX="0"
              refY="3.5"
            >
              <polygon
                fill="#333"
                points="0 0, 10 3.5, 0 7"
              />
            </marker>
          </defs>
          <line
            marker-end="url(#arrowhead)"
            stroke="#333"
            stroke-width="1"
            x1="30"
            x2="220"
            y1="100"
            y2="100"
          />
          <text
            font-size="10"
            text-anchor="middle"
            x="125"
            y="115"
          >
            Direction of Wave Propagation
          </text>
          <rect
            fill="#3b82f6"
            height="30"
            rx="1"
            width="6"
            x="12"
            y="30"
          >
            <animate
              attributeName="x"
              begin="0s"
              calcMode="spline"
              dur="2s"
              keySplines="0.42 0 0.58 1; 0.42 0 0.58 1; 0.42 0 0.58 1; 0.42 0 0.58 1"
              keyTimes="0; 0.25; 0.5; 0.75; 1"
              repeatCount="indefinite"
              values="15;19;15;11;15"
            />
            <animate
              attributeName="width"
              begin="0s"
              calcMode="spline"
              dur="2s"
              keySplines="0.42 0 0.58 1; 0.42 0 0.58 1; 0.42 0 0.58 1; 0.42 0 0.58 1"
              keyTimes="0; 0.25; 0.5; 0.75; 1"
              repeatCount="indefinite"
              values="6;8;6;4;6"
            />
            <animate
              attributeName="fill-opacity"
              begin="0s"
              calcMode="spline"
              dur="2s"
              keySplines="0.42 0 0.58 1; 0.42 0 0.58 1; 0.42 0 0.58 1; 0.42 0 0.58 1"
              keyTimes="0; 0.25; 0.5; 0.75; 1"
              repeatCount="indefinite"
              values="0.75;1;0.75;0.5;0.75"
            />
          </rect>
          <rect
            fill="#3b82f6"
            height="30"
            rx="1"
            width="6"
            x="22"
            y="30"
          >
            <animate
              attributeName="x"
              begin="0.075s"
              calcMode="spline"
              dur="2s"
              keySplines="0.42 0 0.58 1; 0.42 0 0.58 1; 0.42 0 0.58 1; 0.42 0 0.58 1"
              keyTimes="0; 0.25; 0.5; 0.75; 1"
              repeatCount="indefinite"
              values="25;29;25;21;25"
            />
            <animate
              attributeName="width"
              begin="0.075s"
              calcMode="spline"
              dur="2s"
              keySplines="0.42 0 0.58 1; 0.42 0 0.58 1; 0.42 0 0.58 1; 0.42 0 0.58 1"
              keyTimes="0; 0.25; 0.5; 0.75; 1"
              repeatCount="indefinite"
              values="6;8;6;4;6"
            />
            <animate
              attributeName="fill-opacity"
              begin="0.075s"
              calcMode="spline"
              dur="2s"
              keySplines="0.42 0 0.58 1; 0.42 0 0.58 1; 0.42 0 0.58 1; 0.42 0 0.58 1"
              keyTimes="0; 0.25; 0.5; 0.75; 1"
              repeatCount="indefinite"
              values="0.75;1;0.75;0.5;0.75"
            />
          </rect>
          <rect
            fill="#3b82f6"
            height="30"
            rx="1"
            width="6"
            x="32"
            y="30"
          >
            <animate
              attributeName="x"
              begin="0.15s"
              calcMode="spline"
              dur="2s"
              keySplines="0.42 0 0.58 1; 0.42 0 0.58 1; 0.42 0 0.58 1; 0.42 0 0.58 1"
              keyTimes="0; 0.25; 0.5; 0.75; 1"
              repeatCount="indefinite"
              values="35;39;35;31;35"
            />
            <animate
              attributeName="width"
              begin="0.15s"
              calcMode="spline"
              dur="2s"
              keySplines="0.42 0 0.58 1; 0.42 0 0.58 1; 0.42 0 0.58 1; 0.42 0 0.58 1"
              keyTimes="0; 0.25; 0.5; 0.75; 1"
              repeatCount="indefinite"
              values="6;8;6;4;6"
            />
            <animate
              attributeName="fill-opacity"
              begin="0.15s"
              calcMode="spline"
              dur="2s"
              keySplines="0.42 0 0.58 1; 0.42 0 0.58 1; 0.42 0 0.58 1; 0.42 0 0.58 1"
              keyTimes="0; 0.25; 0.5; 0.75; 1"
              repeatCount="indefinite"
              values="0.75;1;0.75;0.5;0.75"
            />
          </rect>
          <rect
            fill="#3b82f6"
            height="30"
            rx="1"
            width="6"
            x="42"
            y="30"
          >
            <animate
              attributeName="x"
              begin="0.22499999999999998s"
              calcMode="spline"
              dur="2s"
              keySplines="0.42 0 0.58 1; 0.42 0 0.58 1; 0.42 0 0.58 1; 0.42 0 0.58 1"
              keyTimes="0; 0.25; 0.5; 0.75; 1"
              repeatCount="indefinite"
              values="45;49;45;41;45"
            />
            <animate
              attributeName="width"
              begin="0.22499999999999998s"
              calcMode="spline"
              dur="2s"
              keySplines="0.42 0 0.58 1; 0.42 0 0.58 1; 0.42 0 0.58 1; 0.42 0 0.58 1"
              keyTimes="0; 0.25; 0.5; 0.75; 1"
              repeatCount="indefinite"
              values="6;8;6;4;6"
            />
            <animate
              attributeName="fill-opacity"
              begin="0.22499999999999998s"
              calcMode="spline"
              dur="2s"
              keySplines="0.42 0 0.58 1; 0.42 0 0.58 1; 0.42 0 0.58 1; 0.42 0 0.58 1"
              keyTimes="0; 0.25; 0.5; 0.75; 1"
              repeatCount="indefinite"
              values="0.75;1;0.75;0.5;0.75"
            />
          </rect>
          <rect
            fill="#3b82f6"
            height="30"
            rx="1"
            width="6"
            x="52"
            y="30"
          >
            <animate
              attributeName="x"
              begin="0.3s"
              calcMode="spline"
              dur="2s"
              keySplines="0.42 0 0.58 1; 0.42 0 0.58 1; 0.42 0 0.58 1; 0.42 0 0.58 1"
              keyTimes="0; 0.25; 0.5; 0.75; 1"
              repeatCount="indefinite"
              values="55;59;55;51;55"
            />
            <animate
              attributeName="width"
              begin="0.3s"
              calcMode="spline"
              dur="2s"
              keySplines="0.42 0 0.58 1; 0.42 0 0.58 1; 0.42 0 0.58 1; 0.42 0 0.58 1"
              keyTimes="0; 0.25; 0.5; 0.75; 1"
              repeatCount="indefinite"
              values="6;8;6;4;6"
            />
            <animate
              attributeName="fill-opacity"
              begin="0.3s"
              calcMode="spline"
              dur="2s"
              keySplines="0.42 0 0.58 1; 0.42 0 0.58 1; 0.42 0 0.58 1; 0.42 0 0.58 1"
              keyTimes="0; 0.25; 0.5; 0.75; 1"
              repeatCount="indefinite"
              values="0.75;1;0.75;0.5;0.75"
            />
          </rect>
          <rect
            fill="#3b82f6"
            height="30"
            rx="1"
            width="6"
            x="62"
            y="30"
          >
            <animate
              attributeName="x"
              begin="0.375s"
              calcMode="spline"
              dur="2s"
              keySplines="0.42 0 0.58 1; 0.42 0 0.58 1; 0.42 0 0.58 1; 0.42 0 0.58 1"
              keyTimes="0; 0.25; 0.5; 0.75; 1"
              repeatCount="indefinite"
              values="65;69;65;61;65"
            />
            <animate
              attributeName="width"
              begin="0.375s"
              calcMode="spline"
              dur="2s"
              keySplines="0.42 0 0.58 1; 0.42 0 0.58 1; 0.42 0 0.58 1; 0.42 0 0.58 1"
              keyTimes="0; 0.25; 0.5; 0.75; 1"
              repeatCount="indefinite"
              values="6;8;6;4;6"
            />
            <animate
              attributeName="fill-opacity"
              begin="0.375s"
              calcMode="spline"
              dur="2s"
              keySplines="0.42 0 0.58 1; 0.42 0 0.58 1; 0.42 0 0.58 1; 0.42 0 0.58 1"
              keyTimes="0; 0.25; 0.5; 0.75; 1"
              repeatCount="indefinite"
              values="0.75;1;0.75;0.5;0.75"
            />
          </rect>
          <rect
            fill="#3b82f6"
            height="30"
            rx="1"
            width="6"
            x="72"
            y="30"
          >
            <animate
              attributeName="x"
              begin="0.44999999999999996s"
              calcMode="spline"
              dur="2s"
              keySplines="0.42 0 0.58 1; 0.42 0 0.58 1; 0.42 0 0.58 1; 0.42 0 0.58 1"
              keyTimes="0; 0.25; 0.5; 0.75; 1"
              repeatCount="indefinite"
              values="75;79;75;71;75"
            />
            <animate
              attributeName="width"
              begin="0.44999999999999996s"
              calcMode="spline"
              dur="2s"
              keySplines="0.42 0 0.58 1; 0.42 0 0.58 1; 0.42 0 0.58 1; 0.42 0 0.58 1"
              keyTimes="0; 0.25; 0.5; 0.75; 1"
              repeatCount="indefinite"
              values="6;8;6;4;6"
            />
            <animate
              attributeName="fill-opacity"
              begin="0.44999999999999996s"
              calcMode="spline"
              dur="2s"
              keySplines="0.42 0 0.58 1; 0.42 0 0.58 1; 0.42 0 0.58 1; 0.42 0 0.58 1"
              keyTimes="0; 0.25; 0.5; 0.75; 1"
              repeatCount="indefinite"
              values="0.75;1;0.75;0.5;0.75"
            />
          </rect>
          <rect
            fill="#3b82f6"
            height="30"
            rx="1"
            width="6"
            x="82"
            y="30"
          >
            <animate
              attributeName="x"
              begin="0.525s"
              calcMode="spline"
              dur="2s"
              keySplines="0.42 0 0.58 1; 0.42 0 0.58 1; 0.42 0 0.58 1; 0.42 0 0.58 1"
              keyTimes="0; 0.25; 0.5; 0.75; 1"
              repeatCount="indefinite"
              values="85;89;85;81;85"
            />
            <animate
              attributeName="width"
              begin="0.525s"
              calcMode="spline"
              dur="2s"
              keySplines="0.42 0 0.58 1; 0.42 0 0.58 1; 0.42 0 0.58 1; 0.42 0 0.58 1"
              keyTimes="0; 0.25; 0.5; 0.75; 1"
              repeatCount="indefinite"
              values="6;8;6;4;6"
            />
            <animate
              attributeName="fill-opacity"
              begin="0.525s"
              calcMode="spline"
              dur="2s"
              keySplines="0.42 0 0.58 1; 0.42 0 0.58 1; 0.42 0 0.58 1; 0.42 0 0.58 1"
              keyTimes="0; 0.25; 0.5; 0.75; 1"
              repeatCount="indefinite"
              values="0.75;1;0.75;0.5;0.75"
            />
          </rect>
          <rect
            fill="#3b82f6"
            height="30"
            rx="1"
            width="6"
            x="92"
            y="30"
          >
            <animate
              attributeName="x"
              begin="0.6s"
              calcMode="spline"
              dur="2s"
              keySplines="0.42 0 0.58 1; 0.42 0 0.58 1; 0.42 0 0.58 1; 0.42 0 0.58 1"
              keyTimes="0; 0.25; 0.5; 0.75; 1"
              repeatCount="indefinite"
              values="95;99;95;91;95"
            />
            <animate
              attributeName="width"
              begin="0.6s"
              calcMode="spline"
              dur="2s"
              keySplines="0.42 0 0.58 1; 0.42 0 0.58 1; 0.42 0 0.58 1; 0.42 0 0.58 1"
              keyTimes="0; 0.25; 0.5; 0.75; 1"
              repeatCount="indefinite"
              values="6;8;6;4;6"
            />
            <animate
              attributeName="fill-opacity"
              begin="0.6s"
              calcMode="spline"
              dur="2s"
              keySplines="0.42 0 0.58 1; 0.42 0 0.58 1; 0.42 0 0.58 1; 0.42 0 0.58 1"
              keyTimes="0; 0.25; 0.5; 0.75; 1"
              repeatCount="indefinite"
              values="0.75;1;0.75;0.5;0.75"
            />
          </rect>
          <rect
            fill="#3b82f6"
            height="30"
            rx="1"
            width="6"
            x="102"
            y="30"
          >
            <animate
              attributeName="x"
              begin="0.6749999999999999s"
              calcMode="spline"
              dur="2s"
              keySplines="0.42 0 0.58 1; 0.42 0 0.58 1; 0.42 0 0.58 1; 0.42 0 0.58 1"
              keyTimes="0; 0.25; 0.5; 0.75; 1"
              repeatCount="indefinite"
              values="105;109;105;101;105"
            />
            <animate
              attributeName="width"
              begin="0.6749999999999999s"
              calcMode="spline"
              dur="2s"
              keySplines="0.42 0 0.58 1; 0.42 0 0.58 1; 0.42 0 0.58 1; 0.42 0 0.58 1"
              keyTimes="0; 0.25; 0.5; 0.75; 1"
              repeatCount="indefinite"
              values="6;8;6;4;6"
            />
            <animate
              attributeName="fill-opacity"
              begin="0.6749999999999999s"
              calcMode="spline"
              dur="2s"
              keySplines="0.42 0 0.58 1; 0.42 0 0.58 1; 0.42 0 0.58 1; 0.42 0 0.58 1"
              keyTimes="0; 0.25; 0.5; 0.75; 1"
              repeatCount="indefinite"
              values="0.75;1;0.75;0.5;0.75"
            />
          </rect>
          <rect
            fill="#3b82f6"
            height="30"
            rx="1"
            width="6"
            x="112"
            y="30"
          >
            <animate
              attributeName="x"
              begin="0.75s"
              calcMode="spline"
              dur="2s"
              keySplines="0.42 0 0.58 1; 0.42 0 0.58 1; 0.42 0 0.58 1; 0.42 0 0.58 1"
              keyTimes="0; 0.25; 0.5; 0.75; 1"
              repeatCount="indefinite"
              values="115;119;115;111;115"
            />
            <animate
              attributeName="width"
              begin="0.75s"
              calcMode="spline"
              dur="2s"
              keySplines="0.42 0 0.58 1; 0.42 0 0.58 1; 0.42 0 0.58 1; 0.42 0 0.58 1"
              keyTimes="0; 0.25; 0.5; 0.75; 1"
              repeatCount="indefinite"
              values="6;8;6;4;6"
            />
            <animate
              attributeName="fill-opacity"
              begin="0.75s"
              calcMode="spline"
              dur="2s"
              keySplines="0.42 0 0.58 1; 0.42 0 0.58 1; 0.42 0 0.58 1; 0.42 0 0.58 1"
              keyTimes="0; 0.25; 0.5; 0.75; 1"
              repeatCount="indefinite"
              values="0.75;1;0.75;0.5;0.75"
            />
          </rect>
          <rect
            fill="#3b82f6"
            height="30"
            rx="1"
            width="6"
            x="122"
            y="30"
          >
            <animate
              attributeName="x"
              begin="0.825s"
              calcMode="spline"
              dur="2s"
              keySplines="0.42 0 0.58 1; 0.42 0 0.58 1; 0.42 0 0.58 1; 0.42 0 0.58 1"
              keyTimes="0; 0.25; 0.5; 0.75; 1"
              repeatCount="indefinite"
              values="125;129;125;121;125"
            />
            <animate
              attributeName="width"
              begin="0.825s"
              calcMode="spline"
              dur="2s"
              keySplines="0.42 0 0.58 1; 0.42 0 0.58 1; 0.42 0 0.58 1; 0.42 0 0.58 1"
              keyTimes="0; 0.25; 0.5; 0.75; 1"
              repeatCount="indefinite"
              values="6;8;6;4;6"
            />
            <animate
              attributeName="fill-opacity"
              begin="0.825s"
              calcMode="spline"
              dur="2s"
              keySplines="0.42 0 0.58 1; 0.42 0 0.58 1; 0.42 0 0.58 1; 0.42 0 0.58 1"
              keyTimes="0; 0.25; 0.5; 0.75; 1"
              repeatCount="indefinite"
              values="0.75;1;0.75;0.5;0.75"
            />
          </rect>
          <rect
            fill="#3b82f6"
            height="30"
            rx="1"
            width="6"
            x="132"
            y="30"
          >
            <animate
              attributeName="x"
              begin="0.8999999999999999s"
              calcMode="spline"
              dur="2s"
              keySplines="0.42 0 0.58 1; 0.42 0 0.58 1; 0.42 0 0.58 1; 0.42 0 0.58 1"
              keyTimes="0; 0.25; 0.5; 0.75; 1"
              repeatCount="indefinite"
              values="135;139;135;131;135"
            />
            <animate
              attributeName="width"
              begin="0.8999999999999999s"
              calcMode="spline"
              dur="2s"
              keySplines="0.42 0 0.58 1; 0.42 0 0.58 1; 0.42 0 0.58 1; 0.42 0 0.58 1"
              keyTimes="0; 0.25; 0.5; 0.75; 1"
              repeatCount="indefinite"
              values="6;8;6;4;6"
            />
            <animate
              attributeName="fill-opacity"
              begin="0.8999999999999999s"
              calcMode="spline"
              dur="2s"
              keySplines="0.42 0 0.58 1; 0.42 0 0.58 1; 0.42 0 0.58 1; 0.42 0 0.58 1"
              keyTimes="0; 0.25; 0.5; 0.75; 1"
              repeatCount="indefinite"
              values="0.75;1;0.75;0.5;0.75"
            />
          </rect>
          <rect
            fill="#3b82f6"
            height="30"
            rx="1"
            width="6"
            x="142"
            y="30"
          >
            <animate
              attributeName="x"
              begin="0.975s"
              calcMode="spline"
              dur="2s"
              keySplines="0.42 0 0.58 1; 0.42 0 0.58 1; 0.42 0 0.58 1; 0.42 0 0.58 1"
              keyTimes="0; 0.25; 0.5; 0.75; 1"
              repeatCount="indefinite"
              values="145;149;145;141;145"
            />
            <animate
              attributeName="width"
              begin="0.975s"
              calcMode="spline"
              dur="2s"
              keySplines="0.42 0 0.58 1; 0.42 0 0.58 1; 0.42 0 0.58 1; 0.42 0 0.58 1"
              keyTimes="0; 0.25; 0.5; 0.75; 1"
              repeatCount="indefinite"
              values="6;8;6;4;6"
            />
            <animate
              attributeName="fill-opacity"
              begin="0.975s"
              calcMode="spline"
              dur="2s"
              keySplines="0.42 0 0.58 1; 0.42 0 0.58 1; 0.42 0 0.58 1; 0.42 0 0.58 1"
              keyTimes="0; 0.25; 0.5; 0.75; 1"
              repeatCount="indefinite"
              values="0.75;1;0.75;0.5;0.75"
            />
          </rect>
          <rect
            fill="#3b82f6"
            height="30"
            rx="1"
            width="6"
            x="152"
            y="30"
          >
            <animate
              attributeName="x"
              begin="1.05s"
              calcMode="spline"
              dur="2s"
              keySplines="0.42 0 0.58 1; 0.42 0 0.58 1; 0.42 0 0.58 1; 0.42 0 0.58 1"
              keyTimes="0; 0.25; 0.5; 0.75; 1"
              repeatCount="indefinite"
              values="155;159;155;151;155"
            />
            <animate
              attributeName="width"
              begin="1.05s"
              calcMode="spline"
              dur="2s"
              keySplines="0.42 0 0.58 1; 0.42 0 0.58 1; 0.42 0 0.58 1; 0.42 0 0.58 1"
              keyTimes="0; 0.25; 0.5; 0.75; 1"
              repeatCount="indefinite"
              values="6;8;6;4;6"
            />
            <animate
              attributeName="fill-opacity"
              begin="1.05s"
              calcMode="spline"
              dur="2s"
              keySplines="0.42 0 0.58 1; 0.42 0 0.58 1; 0.42 0 0.58 1; 0.42 0 0.58 1"
              keyTimes="0; 0.25; 0.5; 0.75; 1"
              repeatCount="indefinite"
              values="0.75;1;0.75;0.5;0.75"
            />
          </rect>
          <rect
            fill="#3b82f6"
            height="30"
            rx="1"
            width="6"
            x="162"
            y="30"
          >
            <animate
              attributeName="x"
              begin="1.125s"
              calcMode="spline"
              dur="2s"
              keySplines="0.42 0 0.58 1; 0.42 0 0.58 1; 0.42 0 0.58 1; 0.42 0 0.58 1"
              keyTimes="0; 0.25; 0.5; 0.75; 1"
              repeatCount="indefinite"
              values="165;169;165;161;165"
            />
            <animate
              attributeName="width"
              begin="1.125s"
              calcMode="spline"
              dur="2s"
              keySplines="0.42 0 0.58 1; 0.42 0 0.58 1; 0.42 0 0.58 1; 0.42 0 0.58 1"
              keyTimes="0; 0.25; 0.5; 0.75; 1"
              repeatCount="indefinite"
              values="6;8;6;4;6"
            />
            <animate
              attributeName="fill-opacity"
              begin="1.125s"
              calcMode="spline"
              dur="2s"
              keySplines="0.42 0 0.58 1; 0.42 0 0.58 1; 0.42 0 0.58 1; 0.42 0 0.58 1"
              keyTimes="0; 0.25; 0.5; 0.75; 1"
              repeatCount="indefinite"
              values="0.75;1;0.75;0.5;0.75"
            />
          </rect>
          <rect
            fill="#3b82f6"
            height="30"
            rx="1"
            width="6"
            x="172"
            y="30"
          >
            <animate
              attributeName="x"
              begin="1.2s"
              calcMode="spline"
              dur="2s"
              keySplines="0.42 0 0.58 1; 0.42 0 0.58 1; 0.42 0 0.58 1; 0.42 0 0.58 1"
              keyTimes="0; 0.25; 0.5; 0.75; 1"
              repeatCount="indefinite"
              values="175;179;175;171;175"
            />
            <animate
              attributeName="width"
              begin="1.2s"
              calcMode="spline"
              dur="2s"
              keySplines="0.42 0 0.58 1; 0.42 0 0.58 1; 0.42 0 0.58 1; 0.42 0 0.58 1"
              keyTimes="0; 0.25; 0.5; 0.75; 1"
              repeatCount="indefinite"
              values="6;8;6;4;6"
            />
            <animate
              attributeName="fill-opacity"
              begin="1.2s"
              calcMode="spline"
              dur="2s"
              keySplines="0.42 0 0.58 1; 0.42 0 0.58 1; 0.42 0 0.58 1; 0.42 0 0.58 1"
              keyTimes="0; 0.25; 0.5; 0.75; 1"
              repeatCount="indefinite"
              values="0.75;1;0.75;0.5;0.75"
            />
          </rect>
          <rect
            fill="#3b82f6"
            height="30"
            rx="1"
            width="6"
            x="182"
            y="30"
          >
            <animate
              attributeName="x"
              begin="1.275s"
              calcMode="spline"
              dur="2s"
              keySplines="0.42 0 0.58 1; 0.42 0 0.58 1; 0.42 0 0.58 1; 0.42 0 0.58 1"
              keyTimes="0; 0.25; 0.5; 0.75; 1"
              repeatCount="indefinite"
              values="185;189;185;181;185"
            />
            <animate
              attributeName="width"
              begin="1.275s"
              calcMode="spline"
              dur="2s"
              keySplines="0.42 0 0.58 1; 0.42 0 0.58 1; 0.42 0 0.58 1; 0.42 0 0.58 1"
              keyTimes="0; 0.25; 0.5; 0.75; 1"
              repeatCount="indefinite"
              values="6;8;6;4;6"
            />
            <animate
              attributeName="fill-opacity"
              begin="1.275s"
              calcMode="spline"
              dur="2s"
              keySplines="0.42 0 0.58 1; 0.42 0 0.58 1; 0.42 0 0.58 1; 0.42 0 0.58 1"
              keyTimes="0; 0.25; 0.5; 0.75; 1"
              repeatCount="indefinite"
              values="0.75;1;0.75;0.5;0.75"
            />
          </rect>
          <rect
            fill="#3b82f6"
            height="30"
            rx="1"
            width="6"
            x="192"
            y="30"
          >
            <animate
              attributeName="x"
              begin="1.3499999999999999s"
              calcMode="spline"
              dur="2s"
              keySplines="0.42 0 0.58 1; 0.42 0 0.58 1; 0.42 0 0.58 1; 0.42 0 0.58 1"
              keyTimes="0; 0.25; 0.5; 0.75; 1"
              repeatCount="indefinite"
              values="195;199;195;191;195"
            />
            <animate
              attributeName="width"
              begin="1.3499999999999999s"
              calcMode="spline"
              dur="2s"
              keySplines="0.42 0 0.58 1; 0.42 0 0.58 1; 0.42 0 0.58 1; 0.42 0 0.58 1"
              keyTimes="0; 0.25; 0.5; 0.75; 1"
              repeatCount="indefinite"
              values="6;8;6;4;6"
            />
            <animate
              attributeName="fill-opacity"
              begin="1.3499999999999999s"
              calcMode="spline"
              dur="2s"
              keySplines="0.42 0 0.58 1; 0.42 0 0.58 1; 0.42 0 0.58 1; 0.42 0 0.58 1"
              keyTimes="0; 0.25; 0.5; 0.75; 1"
              repeatCount="indefinite"
              values="0.75;1;0.75;0.5;0.75"
            />
          </rect>
          <rect
            fill="#3b82f6"
            height="30"
            rx="1"
            width="6"
            x="202"
            y="30"
          >
            <animate
              attributeName="x"
              begin="1.425s"
              calcMode="spline"
              dur="2s"
              keySplines="0.42 0 0.58 1; 0.42 0 0.58 1; 0.42 0 0.58 1; 0.42 0 0.58 1"
              keyTimes="0; 0.25; 0.5; 0.75; 1"
              repeatCount="indefinite"
              values="205;209;205;201;205"
            />
            <animate
              attributeName="width"
              begin="1.425s"
              calcMode="spline"
              dur="2s"
              keySplines="0.42 0 0.58 1; 0.42 0 0.58 1; 0.42 0 0.58 1; 0.42 0 0.58 1"
              keyTimes="0; 0.25; 0.5; 0.75; 1"
              repeatCount="indefinite"
              values="6;8;6;4;6"
            />
            <animate
              attributeName="fill-opacity"
              begin="1.425s"
              calcMode="spline"
              dur="2s"
              keySplines="0.42 0 0.58 1; 0.42 0 0.58 1; 0.42 0 0.58 1; 0.42 0 0.58 1"
              keyTimes="0; 0.25; 0.5; 0.75; 1"
              repeatCount="indefinite"
              values="0.75;1;0.75;0.5;0.75"
            />
          </rect>
          <text
            font-size="10"
            text-anchor="middle"
            x="50"
            y="25"
          >
            Compression
          </text>
          <text
            font-size="10"
            text-anchor="middle"
            x="180"
            y="25"
          >
            Rarefaction
          </text>
          <line
            marker-end="url(#arrowhead)"
            marker-start="url(#arrowhead)"
            stroke="#333"
            stroke-width="1"
            x1="25"
            x2="45"
            y1="70"
            y2="70"
          />
          <text
            font-size="10"
            text-anchor="middle"
            x="35"
            y="85"
          >
            Particle Motion
          </text>
        </svg>
        <p
          class="text-xs text-slate-600 mt-auto pt-2"
        >
          Fastest waves, they compress and rarefy the material they pass through. Particles move back and forth in the same direction as the wave propagation.
        </p>
      </div>
      <div
        class="text-center p-2 bg-red-50 rounded-md flex flex-col"
      >
        <strong>
          S-Waves (Secondary)
        </strong>
        <svg
          class="mx-auto mt-1 w-full h-auto max-w-xs"
          viewBox="0 0 250 150"
        >
          <defs>
            <marker
              id="s_arrowhead"
              markerHeight="7"
              markerWidth="10"
              orient="auto"
              refX="0"
              refY="3.5"
            >
              <polygon
                fill="#333"
                points="0 0, 10 3.5, 0 7"
              />
            </marker>
          </defs>
          <line
            marker-end="url(#s_arrowhead)"
            stroke="#333"
            stroke-width="1"
            x1="30"
            x2="220"
            y1="100"
            y2="100"
          />
          <text
            font-size="10"
            text-anchor="middle"
            x="125"
            y="115"
          >
            Direction of Wave Propagation
          </text>
          <path
            d="M-70 50 q25 -30 50 0 t50 0 q25 -30 50 0 t50 0 q25 -30 50 0 t50 0 q25 -30 50 0 t50 0 q25 -30 50 0 t50 0"
            fill="none"
            stroke="#ef4444"
            stroke-dasharray="158"
            stroke-dashoffset="0"
            stroke-width="3"
          >
            <animate
              attributeName="stroke-dashoffset"
              dur="2s"
              repeatCount="indefinite"
              values="0;-158"
            />
          </path>
          <rect
            fill="#c026d3"
            height="8"
            rx="1"
            width="8"
            x="26"
            y="46"
          >
            <animate
              attributeName="y"
              begin="0s"
              calcMode="spline"
              dur="2s"
              keySplines="0.42 0 0.58 1; 0.42 0 0.58 1; 0.42 0 0.58 1; 0.42 0 0.58 1"
              keyTimes="0; 0.25; 0.5; 0.75; 1"
              repeatCount="indefinite"
              values="50;30;50;70;50"
            />
          </rect>
          <rect
            fill="#c026d3"
            height="8"
            rx="1"
            width="8"
            x="71"
            y="46"
          >
            <animate
              attributeName="y"
              begin="0.9s"
              calcMode="spline"
              dur="2s"
              keySplines="0.42 0 0.58 1; 0.42 0 0.58 1; 0.42 0 0.58 1; 0.42 0 0.58 1"
              keyTimes="0; 0.25; 0.5; 0.75; 1"
              repeatCount="indefinite"
              values="50;30;50;70;50"
            />
          </rect>
          <rect
            fill="#c026d3"
            height="8"
            rx="1"
            width="8"
            x="116"
            y="46"
          >
            <animate
              attributeName="y"
              begin="1.8s"
              calcMode="spline"
              dur="2s"
              keySplines="0.42 0 0.58 1; 0.42 0 0.58 1; 0.42 0 0.58 1; 0.42 0 0.58 1"
              keyTimes="0; 0.25; 0.5; 0.75; 1"
              repeatCount="indefinite"
              values="50;30;50;70;50"
            />
          </rect>
          <rect
            fill="#c026d3"
            height="8"
            rx="1"
            width="8"
            x="161"
            y="46"
          >
            <animate
              attributeName="y"
              begin="0.7s"
              calcMode="spline"
              dur="2s"
              keySplines="0.42 0 0.58 1; 0.42 0 0.58 1; 0.42 0 0.58 1; 0.42 0 0.58 1"
              keyTimes="0; 0.25; 0.5; 0.75; 1"
              repeatCount="indefinite"
              values="50;30;50;70;50"
            />
          </rect>
          <rect
            fill="#c026d3"
            height="8"
            rx="1"
            width="8"
            x="206"
            y="46"
          >
            <animate
              attributeName="y"
              begin="1.6s"
              calcMode="spline"
              dur="2s"
              keySplines="0.42 0 0.58 1; 0.42 0 0.58 1; 0.42 0 0.58 1; 0.42 0 0.58 1"
              keyTimes="0; 0.25; 0.5; 0.75; 1"
              repeatCount="indefinite"
              values="50;30;50;70;50"
            />
          </rect>
          <line
            marker-end="url(#s_arrowhead)"
            marker-start="url(#s_arrowhead)"
            stroke="#333"
            stroke-width="1"
            x1="71"
            x2="71"
            y1="30"
            y2="70"
          />
          <text
            font-size="10"
            text-anchor="start"
            x="80"
            y="55"
          >
            Particle Motion
          </text>
        </svg>
        <p
          class="text-xs text-slate-600 mt-auto pt-2"
        >
          Slower than P-waves, they cause particles to shear the material they pass through. Particles move side-to-side, perpendicular to the wave propagation direction.
        </p>
      </div>
    </div>
    <p
      class="custom-caption-class mt-3"
    >
      Surface waves (Love & Rayleigh) arrive later and often cause most shaking.
    </p>
    <div
      class="mt-6 p-4 bg-gray-50 rounded-md"
    >
      <h3
        class="text-lg font-semibold text-center text-teal-700 mb-2"
      >
        How Triangulation Works
      </h3>
      <div
        class="grid md:grid-cols-2 gap-4 items-center"
      >
        <div>
          <svg
            class="mx-auto w-full h-auto max-w-sm"
            viewBox="0 0 300 200"
          >
            <polygon
              fill="#00796b"
              points="40,150 45,140 50,150"
            >
              <animate
                attributeName="fill"
                begin="0s"
                dur="0.4s"
                values="#00796b;#26a69a;#00796b"
              />
            </polygon>
            <text
              font-size="10"
              text-anchor="middle"
              x="45"
              y="165"
            >
              Station 1
            </text>
            <polygon
              fill="#00796b"
              points="250,150 255,140 260,150"
            >
              <animate
                attributeName="fill"
                begin="1.5s"
                dur="0.4s"
                values="#00796b;#26a69a;#00796b"
              />
            </polygon>
            <text
              font-size="10"
              text-anchor="middle"
              x="255"
              y="165"
            >
              Station 2
            </text>
            <polygon
              fill="#00796b"
              points="145,20 150,10 155,20"
            >
              <animate
                attributeName="fill"
                begin="3.0s"
                dur="0.4s"
                values="#00796b;#26a69a;#00796b"
              />
            </polygon>
            <text
              font-size="10"
              text-anchor="middle"
              x="150"
              y="35"
            >
              Station 3
            </text>
            <circle
              cx="150"
              cy="100"
              fill="#d90429"
              r="5"
            >
              <animatetransform
                additive="sum"
                attributeName="transform"
                begin="4.7s"
                calcMode="spline"
                dur="0.5s"
                fill="freeze"
                keySplines="0.42 0 0.58 1; 0.42 0 0.58 1"
                keyTimes="0; 0.5; 1"
                type="scale"
                values="1; 1.8; 1"
              />
            </circle>
            <text
              font-size="10"
              font-weight="bold"
              text-anchor="middle"
              x="150"
              y="92"
            >
              Epicenter
            </text>
            <circle
              cx="45"
              cy="150"
              fill="rgba(125, 211, 252, 0.1)"
              r="0"
              stroke="#7dd3fc"
              stroke-dasharray="8 4"
              stroke-width="2"
            >
              <animate
                attributeName="r"
                begin="0.2s"
                calcMode="spline"
                dur="1.5s"
                fill="freeze"
                from="0"
                keySplines="0.25 0.1 0.25 1"
                keyTimes="0; 1"
                to="116.3"
              />
              <animate
                attributeName="fill-opacity"
                begin="0.2s"
                calcMode="spline"
                dur="1.5s"
                fill="freeze"
                keySplines="0.42 0 0.58 1; 0.42 0 0.58 1"
                keyTimes="0; 0.5; 1"
                values="0.1;0.3;0.1"
              />
            </circle>
            <circle
              cx="255"
              cy="150"
              fill="rgba(251, 191, 36, 0.1)"
              r="0"
              stroke="#fbbf24"
              stroke-dasharray="8 4"
              stroke-width="2"
            >
              <animate
                attributeName="r"
                begin="1.7s"
                calcMode="spline"
                dur="1.5s"
                fill="freeze"
                from="0"
                keySplines="0.25 0.1 0.25 1"
                keyTimes="0; 1"
                to="116.3"
              />
              <animate
                attributeName="fill-opacity"
                begin="1.7s"
                calcMode="spline"
                dur="1.5s"
                fill="freeze"
                keySplines="0.42 0 0.58 1; 0.42 0 0.58 1"
                keyTimes="0; 0.5; 1"
                values="0.1;0.3;0.1"
              />
            </circle>
            <circle
              cx="150"
              cy="20"
              fill="rgba(248, 113, 113, 0.1)"
              r="0"
              stroke="#f87171"
              stroke-dasharray="8 4"
              stroke-width="2"
            >
              <animate
                attributeName="r"
                begin="3.2s"
                calcMode="spline"
                dur="1.5s"
                fill="freeze"
                from="0"
                keySplines="0.25 0.1 0.25 1"
                keyTimes="0; 1"
                to="80"
              />
              <animate
                attributeName="fill-opacity"
                begin="3.2s"
                calcMode="spline"
                dur="1.5s"
                fill="freeze"
                keySplines="0.42 0 0.58 1; 0.42 0 0.58 1"
                keyTimes="0; 0.5; 1"
                values="0.1;0.3;0.1"
              />
            </circle>
            <text
              fill="#555"
              font-size="10"
              x="10"
              y="195"
            >
              Distance Circles
            </text>
          </svg>
        </div>
        <div
          class="text-sm text-slate-700"
        >
          <p
            class="mb-2"
          >
            Seismologists determine the distance to an earthquake by measuring the time difference between the arrival of P-waves (primary, faster) and S-waves (secondary, slower) at a seismic station. The P-waves travel faster than S-waves, so the larger the time gap between their arrivals, the farther away the earthquake.
          </p>
          <p>
            To find the exact location (epicenter), data from at least three seismic stations is needed. A circle is drawn around each station, where the radius is the calculated distance. The point where all three circles intersect is the earthquake's epicenter.
          </p>
        </div>
      </div>
    </div>
  </div>
</div>
`;
